// Jest Snapshot v1, https://goo.gl/fbAQLP

exports[`Cell component renders 1`] = `
<DocumentFragment>
  <div
    class="sc-bdfBQB jhQtaX"
  />
</DocumentFragment>
`;
